
    Last login: Sat Sep  1 21:59:11 on ttys005
    dengjiangzhou@dengjiangzhou  ~  mysql5 -u deng -p         ✔  1  22:26:56 
    zsh: command not found: mysql5
    dengjiangzhou@dengjiangzhou  ~  mysql -u deng -p      127 ↵  2  22:27:39 
    Enter password: 
    Welcome to the MySQL monitor.  Commands end with ; or \g.
    Your MySQL connection id is 876
    Server version: 5.7.21 MySQL Community Server (GPL)

    Copyright (c) 2000, 2018, Oracle and/or its affiliates. All rights reserved.

    Oracle is a registered trademark of Oracle Corporation and/or its
    affiliates. Other names may be trademarks of their respective
    owners.

    Type 'help;' or '\h' for help. Type '\c' to clear the current input statement.

    mysql> show databases;
    +--------------------+
    | Database           |
    +--------------------+
    | information_schema |
    | mysql              |
    | performance_schema |
    | sys                |
    +--------------------+
    4 rows in set (0.00 sec)

    mysql> CREATE DATABASE fang_pi;
    Query OK, 1 row affected (0.01 sec)

    mysql> show databases;
    +--------------------+
    | Database           |
    +--------------------+
    | information_schema |
    | fang_pi            |
    | mysql              |
    | performance_schema |
    | sys                |
    +--------------------+
    5 rows in set (0.00 sec)

    mysql> CREATE DATABASE fighter;
    Query OK, 1 row affected (0.00 sec)

    mysql> USE fighter;
    Database changed
    mysql> SELECT DATABASE()
    -> ;
    +------------+
    | DATABASE() |
    +------------+
    | fighter    |
    +------------+
    1 row in set (0.00 sec)

    mysql> CREATE DATABASE db;
    Query OK, 1 row affected (0.00 sec)

    mysql> SELECT DATABASE();
    +------------+
    | DATABASE() |
    +------------+
    | fighter    |
    +------------+
    1 row in set (0.01 sec)

    mysql> CREATE DATABASE test_students;
    Query OK, 1 row affected (0.00 sec)

    mysql> USE test_students;;
    Database changed
    ERROR: 
    No query specified

    mysql> SELECT DATABASE();
    +---------------+
    | DATABASE()    |
    +---------------+
    | test_students |
    +---------------+
    1 row in set (0.00 sec)

    mysql> USE test_students;
    Database changed
    mysql> SELECT DATABASE();
    +---------------+
    | DATABASE()    |
    +---------------+
    | test_students |
    +---------------+
    1 row in set (0.00 sec)

    mysql> CREATE TABLE student(
    -> first_name VARCHAR(30) NOT NULL,
    -> last_name VARCHAR(30) NOT NULL,
    -> email VARCHAR(60) NULL,
    -> street VARCHAR(60) NOT NULL,
    -> city VARCHAR(60) NOT NULL,
    -> state VARCHAR(60) NOT NULL DEFAULT "CHINA",
    -> zip MEDIUMINT UNSIGNED NOT NULL,
    -> phone VARCHAR(60) NOT NULL,
    -> birth_date DATE NOT NULL,
    -> sex ENUM('M', 'F') NOT NULL,
    -> date_entered TIMESTAMP,
    -> lunch_cost FLOAT NULL,
    -> student_id INT UNSIGNED NOT NULL AUTO_INCREMENT PRIMARY KEY );
    Query OK, 0 rows affected (0.03 sec)

    mysql> SHOW TABLES;
    +-------------------------+
    | Tables_in_test_students |
    +-------------------------+
    | student                 |
    +-------------------------+
    1 row in set (0.00 sec)

    mysql> DESCRIBE student;
    +--------------+-----------------------+------+-----+-------------------+-----------------------------+
    | Field        | Type                  | Null | Key | Default           | Extra                       |
    +--------------+-----------------------+------+-----+-------------------+-----------------------------+
    | first_name   | varchar(30)           | NO   |     | NULL              |                             |
    | last_name    | varchar(30)           | NO   |     | NULL              |                             |
    | email        | varchar(60)           | YES  |     | NULL              |                             |
    | street       | varchar(60)           | NO   |     | NULL              |                             |
    | city         | varchar(60)           | NO   |     | NULL              |                             |
    | state        | varchar(60)           | NO   |     | CHINA             |                             |
    | zip          | mediumint(8) unsigned | NO   |     | NULL              |                             |
    | phone        | varchar(60)           | NO   |     | NULL              |                             |
    | birth_date   | date                  | NO   |     | NULL              |                             |
    | sex          | enum('M','F')         | NO   |     | NULL              |                             |
    | date_entered | timestamp             | NO   |     | CURRENT_TIMESTAMP | on update CURRENT_TIMESTAMP |
    | lunch_cost   | float                 | YES  |     | NULL              |                             |
    | student_id   | int(10) unsigned      | NO   | PRI | NULL              | auto_increment              |
    +--------------+-----------------------+------+-----+-------------------+-----------------------------+
    13 rows in set (0.01 sec)

    mysql> INSERT INTO student VALUE
    -> ("邓", "江洲", "dengjiangzhouReal@gmail.com",
    -> "上海，极客生涯", "SH", 2000
    -> "15921817053", "1991-12-23",
    -> "M",
    -> NOW(),
    -> 3.20,
    -> NULL);
    ERROR 1064 (42000): You have an error in your SQL syntax; check the manual that corresponds to your MySQL server version for the right syntax to use near '"15921817053", "1991-12-23",
    "M",
    NOW(),
    3.20,
    NULL)' at line 4
    mysql> INSERT INTO student VALUE ("邓", "江洲", "dengjiangzhouReal@gmail.com", "上海，极客生涯", "SH", 2000, "15921817053", "1991-12-23", "M", NOW(), 3.20, NULL);
    ERROR 1136 (21S01): Column count doesn't match value count at row 1
    mysql> INSERT INTO student VALUE ('邓', '江洲', "dengjiangzhouReal@gmail.com", "上海，极客生涯", "SH", 2000, "15921817053", "1991-12-23", "M", NOW(), 3.20, NULL);
    ERROR 1136 (21S01): Column count doesn't match value count at row 1
    mysql> INSERT INTO student VALUE ('邓', '江洲', "dengjiangzhouReal@gmail.com", "上海，极客生涯", "黄浦区","SH", 2000, "15921817053", "1991-12-23", "M", NOW(   3.20, NULL);
    ERROR 1366 (HY000): Incorrect string value: '\xE9\x82\x93' for column 'first_name' at row 1
    mysql> INSERT INTO student VALUE (”邓“, ”江洲“, "dengjiangzhouReal@gmail.com", "上海，极客生涯", "黄浦区","SH", 2000, "15921817053", "1991-12-23", "M", NOW(), 3.20, NULL);
    ERROR 1054 (42S22): Unknown column '”邓“' in 'field list'
    mysql> INSERT INTO student VALUE ("邓", "江洲", "dengjiangzhouReal@gmail.com", "上海，极客生涯", "黄浦区","SH", 2000, "15921817053", "1991-12-23", "M", NOW(), 3.20, NULL);
    ERROR 1366 (HY000): Incorrect string value: '\xE9\x82\x93' for column 'first_name' at row 1
    mysql> INSERT INTO student VALUE ("Dedng", "江洲", "dengjiangzhouReal@gmail.com", "上海，极客生涯", "黄浦区","SH", 2000, "15921817053", "1991-12-23", "M", NOW(), 3.20, NULL);
    ERROR 1366 (HY000): Incorrect string value: '\xE6\xB1\x9F\xE6\xB4\xB2' for column 'last_name' at row 1
    mysql> INSERT INTO student VALUE ("Deng", "JInag_zhou", "dengjiangzhouReal@gmail.com", "Geek , shanghai, fortune", "HUang_pu","SH", 2000, "15921817053", "1991-12-23", "M", NOW(), 3.20, NULL);
    Query OK, 1 row affected (0.02 sec)

    mysql> SELECT * FROM student;
    +------------+------------+-----------------------------+--------------------------+----------+-------+------+-------------+------------+-----+---------------------+------------+------------+
    | first_name | last_name  | email                       | street                   | city     | state | zip  | phone       | birth_date | sex | date_entered        | lunch_cost | student_id |
    +------------+------------+-----------------------------+--------------------------+----------+-------+------+-------------+------------+-----+---------------------+------------+------------+
    | Deng       | JInag_zhou | dengjiangzhouReal@gmail.com | Geek , shanghai, fortune | HUang_pu | SH    | 2000 | 15921817053 | 1991-12-23 | M   | 2018-09-01 23:07:30 |        3.2 |          1 |
    +------------+------------+-----------------------------+--------------------------+----------+-------+------+-------------+------------+-----+---------------------+------------+------------+
    1 row in set (0.00 sec)

    mysql> CREATE TABLE class(
    -> name VARCHAR(30) NOT NULL,
    -> class_id INT UNSIGNED NOT NULL AUTO_INCREMENT PRIMARY KEY );
    Query OK, 0 rows affected (0.02 sec)

    mysql> INSERT INTO class VALUES
    -> ('English', NULL), ('Chinese', NULL);
    Query OK, 2 rows affected (0.00 sec)
    Records: 2  Duplicates: 0  Warnings: 0

    mysql> SELECT * FROM class;
    +---------+----------+
    | name    | class_id |
    +---------+----------+
    | English |        1 |
    | Chinese |        2 |
    +---------+----------+
    2 rows in set (0.00 sec)

    mysql> 
